ffmpeg.exe : Input #0, mov,mp4,m4a,3gp,3g2,mj2, from 'D:\孵化-上岛\1.projects\孵化-上岛\6.生成结果\T20260812-144226\ol3d_minigame_a
ds_15versions\V015\edit\rough_cut.mp4':
At line:2 char:799
+ ... _final.log';& ffmpeg -hide_banner -loglevel info -i $out -vf 'blackde ...
+                 ~~~~~~~~~~~~~~~~~~~~~~~~~~~~~~~~~~~~~~~~~~~~~~~~~~~~~~~~~
    + CategoryInfo          : NotSpecified: (Input #0, mov,m...rough_cut.mp4'::String) [], RemoteException
    + FullyQualifiedErrorId : NativeCommandError
 
  Metadata:
    major_brand     : isom
    minor_version   : 512
    compatible_brands: isomiso2avc1mp41
    encoder         : Lavf62.12.102
  Duration: 00:00:44.90, start: 0.000000, bitrate: 3173 kb/s
  Stream #0:0[0x1](und): Video: h264 (High) (avc1 / 0x31637661), yuv420p(progressive), 720x1280, 3009 kb/s, 23.79 fps, 
48 tbr, 12288 tbn, start 0.023031 (default)
    Metadata:
      handler_name    : VideoHandler
      encoder         : Lavc62.28.102 libx264
  Stream #0:1[0x2](und): Audio: aac (LC) (mp4a / 0x6134706D), 44100 Hz, stereo, fltp, 160 kb/s (default)
    Metadata:
      handler_name    : SoundHandler
Stream mapping:
  Stream #0:0 -> #0:0 (h264 (native) -> wrapped_avframe (native))
Press [q] to stop, [?] for help
Output #0, null, to 'pipe:':
  Metadata:
    major_brand     : isom
    minor_version   : 512
    compatible_brands: isomiso2avc1mp41
    encoder         : Lavf62.12.102
  Stream #0:0(und): Video: wrapped_avframe, yuv420p(progressive), 720x1280, q=2-31, 200 kb/s, 24 fps, 24 tbn (default)
    Metadata:
      encoder         : Lavc62.28.102 wrapped_avframe
      handler_name    : VideoHandler
[out#0/null @ 000001c5daad1280] video:442KiB audio:0KiB subtitle:0KiB other streams:0KiB global headers:0KiB muxing ove
rhead: unknown
frame= 1067 fps=0.0 q=-0.0 Lsize=N/A time=00:00:44.87 bitrate=N/A speed= 134x elapsed=0:00:00.33    
